------------------------------------------------------------
TimeQuest Timing Analyzer Summary
------------------------------------------------------------

Type  : Slow 1100mV 85C Model Setup 'recorder_module_looper:inst|prescaler:inst27|prescaler_1_t'
Slack : -58.287
TNS   : -1113.193

Type  : Slow 1100mV 85C Model Setup 'AUD_BCLK'
Slack : -6.265
TNS   : -293.261

Type  : Slow 1100mV 85C Model Setup 'CLOCK_50'
Slack : -5.205
TNS   : -64454.662

Type  : Slow 1100mV 85C Model Hold 'CLOCK_50'
Slack : 0.137
TNS   : 0.000

Type  : Slow 1100mV 85C Model Hold 'recorder_module_looper:inst|prescaler:inst27|prescaler_1_t'
Slack : 0.141
TNS   : 0.000

Type  : Slow 1100mV 85C Model Hold 'AUD_BCLK'
Slack : 0.371
TNS   : 0.000

Type  : Slow 1100mV 85C Model Recovery 'CLOCK_50'
Slack : -7.564
TNS   : -191.238

Type  : Slow 1100mV 85C Model Recovery 'AUD_BCLK'
Slack : -6.497
TNS   : -307.353

Type  : Slow 1100mV 85C Model Removal 'AUD_BCLK'
Slack : 0.792
TNS   : 0.000

Type  : Slow 1100mV 85C Model Removal 'CLOCK_50'
Slack : 0.935
TNS   : 0.000

Type  : Slow 1100mV 85C Model Minimum Pulse Width 'CLOCK_50'
Slack : -2.174
TNS   : -76574.168

Type  : Slow 1100mV 85C Model Minimum Pulse Width 'AUD_BCLK'
Slack : -2.174
TNS   : -308.168

Type  : Slow 1100mV 85C Model Minimum Pulse Width 'recorder_module_looper:inst|prescaler:inst27|prescaler_1_t'
Slack : -0.394
TNS   : -39.643

Type  : Slow 1100mV 0C Model Setup 'recorder_module_looper:inst|prescaler:inst27|prescaler_1_t'
Slack : -61.051
TNS   : -1158.526

Type  : Slow 1100mV 0C Model Setup 'AUD_BCLK'
Slack : -6.030
TNS   : -282.341

Type  : Slow 1100mV 0C Model Setup 'CLOCK_50'
Slack : -4.938
TNS   : -59767.144

Type  : Slow 1100mV 0C Model Hold 'CLOCK_50'
Slack : -0.143
TNS   : -0.414

Type  : Slow 1100mV 0C Model Hold 'recorder_module_looper:inst|prescaler:inst27|prescaler_1_t'
Slack : 0.129
TNS   : 0.000

Type  : Slow 1100mV 0C Model Hold 'AUD_BCLK'
Slack : 0.354
TNS   : 0.000

Type  : Slow 1100mV 0C Model Recovery 'CLOCK_50'
Slack : -7.127
TNS   : -178.660

Type  : Slow 1100mV 0C Model Recovery 'AUD_BCLK'
Slack : -6.199
TNS   : -292.563

Type  : Slow 1100mV 0C Model Removal 'AUD_BCLK'
Slack : 0.602
TNS   : 0.000

Type  : Slow 1100mV 0C Model Removal 'CLOCK_50'
Slack : 0.873
TNS   : 0.000

Type  : Slow 1100mV 0C Model Minimum Pulse Width 'CLOCK_50'
Slack : -2.174
TNS   : -76388.148

Type  : Slow 1100mV 0C Model Minimum Pulse Width 'AUD_BCLK'
Slack : -2.174
TNS   : -306.019

Type  : Slow 1100mV 0C Model Minimum Pulse Width 'recorder_module_looper:inst|prescaler:inst27|prescaler_1_t'
Slack : -0.394
TNS   : -39.543

Type  : Fast 1100mV 85C Model Setup 'recorder_module_looper:inst|prescaler:inst27|prescaler_1_t'
Slack : -29.303
TNS   : -564.154

Type  : Fast 1100mV 85C Model Setup 'AUD_BCLK'
Slack : -4.105
TNS   : -108.526

Type  : Fast 1100mV 85C Model Setup 'CLOCK_50'
Slack : -2.975
TNS   : -34014.981

Type  : Fast 1100mV 85C Model Hold 'recorder_module_looper:inst|prescaler:inst27|prescaler_1_t'
Slack : 0.028
TNS   : 0.000

Type  : Fast 1100mV 85C Model Hold 'CLOCK_50'
Slack : 0.093
TNS   : 0.000

Type  : Fast 1100mV 85C Model Hold 'AUD_BCLK'
Slack : 0.181
TNS   : 0.000

Type  : Fast 1100mV 85C Model Recovery 'CLOCK_50'
Slack : -4.856
TNS   : -104.959

Type  : Fast 1100mV 85C Model Recovery 'AUD_BCLK'
Slack : -3.952
TNS   : -193.887

Type  : Fast 1100mV 85C Model Removal 'CLOCK_50'
Slack : 0.546
TNS   : 0.000

Type  : Fast 1100mV 85C Model Removal 'AUD_BCLK'
Slack : 0.619
TNS   : 0.000

Type  : Fast 1100mV 85C Model Minimum Pulse Width 'CLOCK_50'
Slack : -2.174
TNS   : -77587.663

Type  : Fast 1100mV 85C Model Minimum Pulse Width 'AUD_BCLK'
Slack : -2.174
TNS   : -323.962

Type  : Fast 1100mV 85C Model Minimum Pulse Width 'recorder_module_looper:inst|prescaler:inst27|prescaler_1_t'
Slack : -0.090
TNS   : -1.546

Type  : Fast 1100mV 0C Model Setup 'recorder_module_looper:inst|prescaler:inst27|prescaler_1_t'
Slack : -27.969
TNS   : -534.891

Type  : Fast 1100mV 0C Model Setup 'AUD_BCLK'
Slack : -3.458
TNS   : -85.716

Type  : Fast 1100mV 0C Model Setup 'CLOCK_50'
Slack : -2.526
TNS   : -27420.025

Type  : Fast 1100mV 0C Model Hold 'CLOCK_50'
Slack : -0.108
TNS   : -0.618

Type  : Fast 1100mV 0C Model Hold 'recorder_module_looper:inst|prescaler:inst27|prescaler_1_t'
Slack : 0.014
TNS   : 0.000

Type  : Fast 1100mV 0C Model Hold 'AUD_BCLK'
Slack : 0.118
TNS   : 0.000

Type  : Fast 1100mV 0C Model Recovery 'CLOCK_50'
Slack : -4.111
TNS   : -85.395

Type  : Fast 1100mV 0C Model Recovery 'AUD_BCLK'
Slack : -3.217
TNS   : -158.334

Type  : Fast 1100mV 0C Model Removal 'AUD_BCLK'
Slack : 0.207
TNS   : 0.000

Type  : Fast 1100mV 0C Model Removal 'CLOCK_50'
Slack : 0.479
TNS   : 0.000

Type  : Fast 1100mV 0C Model Minimum Pulse Width 'CLOCK_50'
Slack : -2.174
TNS   : -78879.473

Type  : Fast 1100mV 0C Model Minimum Pulse Width 'AUD_BCLK'
Slack : -2.174
TNS   : -342.285

Type  : Fast 1100mV 0C Model Minimum Pulse Width 'recorder_module_looper:inst|prescaler:inst27|prescaler_1_t'
Slack : -0.048
TNS   : -0.376

------------------------------------------------------------
